R version 4.2.1 (2022-06-23 ucrt) -- "Funny-Looking Kid"
Copyright (C) 2022 The R Foundation for Statistical Computing
Platform: x86_64-w64-mingw32/x64 (64-bit)

R is free software and comes with ABSOLUTELY NO WARRANTY.
You are welcome to redistribute it under certain conditions.
Type 'license()' or 'licence()' for distribution details.

R is a collaborative project with many contributors.
Type 'contributors()' for more information and
'citation()' on how to cite R or R packages in publications.

Type 'demo()' for some demos, 'help()' for on-line help, or
'help.start()' for an HTML browser interface to help.
Type 'q()' to quit R.

[Workspace loaded from ~/.RData]

> install.packages('swirl')
WARNING: Rtools is required to build R packages but is not currently installed. Please download and install the appropriate version of Rtools before proceeding:

https://cran.rstudio.com/bin/windows/Rtools/
将程序包安装入‘C:/Users/25695/AppData/Local/R/win-library/4.2’
(因为‘lib’没有被指定)
trying URL 'https://cran.rstudio.com/bin/windows/contrib/4.2/swirl_2.4.5.zip'
Content type 'application/zip' length 350096 bytes (341 KB)
downloaded 341 KB

程序包‘swirl’打开成功，MD5和检查也通过

下载的二进制程序包在
C:\Users\25695\AppData\Local\Temp\RtmpMZcP2W\downloaded_packages里
> library(swirl)

| Hi! I see that you have some variables saved in your
| workspace. To keep things running smoothly, I recommend you
| clean up before starting swirl.

| Type ls() to see a list of the variables in your workspace.
| Then, type rm(list=ls()) to clear your workspace.

| Type swirl() when you are ready to begin.

> select_language('french', append_rprofile = T)
> 1
[1] 1
> vecteur
Error: object 'vecteur' not found
> swirl()

| Bienvenue sur Swirl ! Connecte-toi. Si ce n'est pas ta
| première connexion, indique ton nom utilisé précédemment. Si
| tu dois encore choisir ton nom, fais preuve d'un peu
| d'originalité !

Comment dois-je t'appeler ? mingyue

| Merci, mingyue. Quelques instructions de base avant
| d'attaquer la première le?on. Tout d'abord, si tu vois
| s'afficher '...', cela veut dire que tu dois appuyer sur
| Entrée quand tu as fini de lire et es prêt(e) à continuer.

...? <-- That's your cue to press Enter to continue

| Et quand tu vois 'Réponse:', le prompt R (>), ou si tu es
| invité(e) à sélectionner une option, c'est à toi de taper ta
| réponse et d'appuyer sur Entrée pour continuer.

Select 1, 2, or 3 and press Enter?

1: Continuer.
2: Avancer.
3: C'est parti !

Selection: 1

| You can exit swirl and return to the R prompt (>) at any
| time by pressing the Esc key. If you are already at the
| prompt, type bye() to exit and save your progress. When you
| exit properly, you'll see a short message letting you know
| you've done so.

| Quand tu es arrivé(e) au prompt R (>):
| -- Tape skip() pour sauter la question.
| -- Tape play() pour expérimenter et jouer avec R; Swirl en
| fera abstraction...
| -- JUSQU'A ce que tu tapes nxt() pour regagner l'attention
| de Swirl.
| -- Tape bye() pour quitter Swirl. Ta progression sera
| sauvegardée.
| -- Tape main() pour retourner au menu principal de Swirl.
| -- Tape info() pour montrer les options une nouvelle fois.

| C'est parti !

...info()

| Pour commmencer, il faut installer un cours. Je peux
| installer un cours pour toi depuis Internet, ou je peux te
| faire consulter une page web
| (https://github.com/swirldev/swirl_courses) proposant un
| choix de cours et des instructions pour installer des cours.
| (Si tu n'es pas connecté(e) à Internet, tape 0 pour
| quitter.)

1: R Programming: The basics of programming in R
2: Regression Models: The basics of regression modeling in R
3: Statistical Inference: The basics of statistical inference in R
4: Exploratory Data Analysis: The basics of exploring data in R
5: N'installe rien pour moi. Je m'en occupe.

Selection: install_course_github("EliasBcd", "InitiationR")
从菜沃醒∫幌睿或选0退出
Selection: 0

| Je quitte Swirl. Tape swirl() pour reprendre.

> install_course_github("EliasBcd", "InitiationR")
Downloading: 75 kB?????
> swirl()

| Bienvenue sur Swirl ! Connecte-toi. Si ce n'est pas ta
| première connexion, indique ton nom utilisé précédemment. Si
| tu dois encore choisir ton nom, fais preuve d'un peu
| d'originalité !

Comment dois-je t'appeler ? mingyue

| Choisis un cours ou tape 0 pour quitter Swirl.

1: InitiationR
2: Montre-moi le répertoire des cours Swirl !

Selection: 2

| D'accord, j'ouvre la page web des cours Swirl dans ton
| navigateur.

| Je quitte Swirl. Tape swirl() pour reprendre.

> 1
[1] 1
> swirl()

| Bienvenue sur Swirl ! Connecte-toi. Si ce n'est pas ta
| première connexion, indique ton nom utilisé précédemment. Si
| tu dois encore choisir ton nom, fais preuve d'un peu
| d'originalité !

Comment dois-je t'appeler ? mingyue

| Choisis un cours ou tape 0 pour quitter Swirl.

1: InitiationR
2: Montre-moi le répertoire des cours Swirl !

Selection: 1

| Choisis une le?on ou tape 0 pour retourner au menu
| principal.

?1: Manipulations simples
?2: Assignations et objets
?3: Types
?4: Vecteurs
?5: Fichiers et espace de travail
?6: Logique
?7: Valeurs manquantes
?8: Vecteurs numériques
?9: Dataframes
10: Scripts et fonctions
11: Control Flow

Selection: 8

| Attempting to load lesson dependencies...

| Le paquet ‘base64enc’ a été chargé correctement !

??| ? ? ? ? ? ? ? ? ? ? ? ? ? ? ? ? ? ? ? ? ? ? ? ? ? ? | ? 0%

| Nous allons maintenant étudier la création de vecteurs
| numériques.

...

??|== ? ? ? ? ? ? ? ? ? ? ? ? ? ? ? ? ? ? ? ? ? ? ? ? ? | ? 4%
| La manière la plus simple de créer un vecteur numérique dans
| R est d'utiliser la commande `:`. Tapez 1:20 pour voir
| comment elle fonctionne.

> 1:20
?[1]? 1? 2? 3? 4? 5? 6? 7? 8? 9 10 11 12 13 14 15 16 17 18 19
[20] 20

| Dans le mille ! Bien joué !

??|=====? ? ? ? ? ? ? ? ? ? ? ? ? ? ? ? ? ? ? ? ? ? ? ? | ? 9%
| Nous avons crée un vecteur contenant (et incluant)tous les
| entiers entre 1 et 20. La commande fonctionne aussi avec des
| nombres réels. Essayez par exemple pi:10.

> pi:10
[1] 3.141593 4.141593 5.141593 6.141593 7.141593 8.141593
[7] 9.141593

| Your dedication is inspiring!

??|=======? ? ? ? ? ? ? ? ? ? ? ? ? ? ? ? ? ? ? ? ? ? ? |? 13%
| Le résultat est un vecteur de nombre réels commen?ant à pi
| (3.142...) et croissant par incrément de 1. La limite haute
| 10 n'est jamais atteinte, puisque le prochain nombre dans la
| séquence serait strictement supérieur à 10.

...

??|=========? ? ? ? ? ? ? ? ? ? ? ? ? ? ? ? ? ? ? ? ? ? |? 17%
| Que se passe-t-il si nous tapons 15:1 ? Essayez pour voir.

> 15:1
?[1] 15 14 13 12 11 10? 9? 8? 7? 6? 5? 4? 3? 2? 1

| Quelle ma?trise !

??|============ ? ? ? ? ? ? ? ? ? ? ? ? ? ? ? ? ? ? ? ? |? 22%
| R utilise un incrément de -1 ! Ce comportement est parfois
| utile, gardez-le en tête.

...

??|============== ? ? ? ? ? ? ? ? ? ? ? ? ? ? ? ? ? ? ? |? 26%
| Pour accéder à l'aide sur une commande, vous pouvez utiliser
| un point d'interrogation suivi du nom de la commande. Il y a
| une exception néanmoins, le cas d'un opérateur tel que :. Il
| est nécessaire de mettre l'opérateur entre guillemets, comme
| ceci : ?':'.

...?'：'

??|================ ? ? ? ? ? ? ? ? ? ? ? ? ? ? ? ? ? ? |? 30%
| Essayez d'obtenir la documentation pour : maintenant.

> ：
Error: unexpected input in "："
> ":"
[1] ":"

| Tente encore une fois. ou tape info() pour plus d'options.

| Tapez ?':'.

> ?":"

| Bon boulot !

??|================== ? ? ? ? ? ? ? ? ? ? ? ? ? ? ? ? ? |? 35%
| Il est parfois utile d'avoir plus de contr?le sur la
| création de vecteurs numériques que permis par l'opérateur
| :. La fonction seq() sert exactement à cela.

...

??|=====================? ? ? ? ? ? ? ? ? ? ? ? ? ? ? ? |? 39%
| Dans sa forme la plus simple, seq() remplit exactement le
| même r?le que `:`. Essayez seq(1, 20).

Error in file(out, "wt") : cannot open the connection
> seq(1,20)
?[1]? 1? 2? 3? 4? 5? 6? 7? 8? 9 10 11 12 13 14 15 16 17 18 19
[20] 20

| Bravo!

??|=======================? ? ? ? ? ? ? ? ? ? ? ? ? ? ? |? 43%
| Nous avons le même résultat qu'avec 1:20, peu intéressant...
| Imaginons maintenant que vous souhaitez créer un vecteur de
| nombre allant de 0 à 10 par incrément de 0.5. seq(0, 10,
| by=0.5) fait exactement cela. Essayez !

Error in file(out, "wt") : cannot open the connection
> seq(0,10,by=0.5)
?[1]? 0.0? 0.5? 1.0? 1.5? 2.0? 2.5? 3.0? 3.5? 4.0? 4.5? 5.0
[12]? 5.5? 6.0? 6.5? 7.0? 7.5? 8.0? 8.5? 9.0? 9.5 10.0

| Continue comme ?a !

??|=========================? ? ? ? ? ? ? ? ? ? ? ? ? ? |? 48%
| Parfois, ce n'est pas l'incrément qui compte, mais d'obtenir
| un vecteur avec une longueur donnée, par exemple, 30 nombres
| entre 5 et 10. seq(5, 10, length=30) sert exactement à cela.
| Essayez et stockez le résultat dans un nouvel objet appelé
| ma_seq.

>?
Error in file(out, "wt") : cannot open the connection
Error in file(out, "wt") : cannot open the connection
Error in file(out, "wt") : cannot open the connection
> seq(5,10,length=30)
?[1]? 5.000000? 5.172414? 5.344828? 5.517241? 5.689655
?[6]? 5.862069? 6.034483? 6.206897? 6.379310? 6.551724
[11]? 6.724138? 6.896552? 7.068966? 7.241379? 7.413793
[16]? 7.586207? 7.758621? 7.931034? 8.103448? 8.275862
[21]? 8.448276? 8.620690? 8.793103? 8.965517? 9.137931
[26]? 9.310345? 9.482759? 9.655172? 9.827586 10.000000

| Tente encore une fois. ou tape info() pour plus d'options.

| Vous utilisez exactement la même commande que tout à
| l'heure, mais avec des arguments différent. Sauvegardez bien
| le résultat dans un nouvel objet ma_seq, comme ceci ma_seq
| <- seq(5, 10, length=30).

Error in file(out, "wt") : cannot open the connection
Error in file(out, "wt") : cannot open the connection
Error in file(out, "wt") : cannot open the connection
Error in file(out, "wt") : cannot open the connection
> ma_seq<- seq(5, 10, length=30)

| Keep working like that and you'll get there!

??|============================ ? ? ? ? ? ? ? ? ? ? ? ? |? 52%
| La fonction length() permet de conna?tre la longueur d'un
| objet dans R. Essayez-la sur le vecteur ma_seq pour vérifier
| qu'il contient bien 30 éléments.

Error in file(out, "wt") : cannot open the connection
> ma_seq
?[1]? 5.000000? 5.172414? 5.344828? 5.517241? 5.689655
?[6]? 5.862069? 6.034483? 6.206897? 6.379310? 6.551724
[11]? 6.724138? 6.896552? 7.068966? 7.241379? 7.413793
[16]? 7.586207? 7.758621? 7.931034? 8.103448? 8.275862
[21]? 8.448276? 8.620690? 8.793103? 8.965517? 9.137931
[26]? 9.310345? 9.482759? 9.655172? 9.827586 10.000000

| Ce n'est pas la bonne réponse, mais cherche encore. ou tape
| info() pour plus d'options.

| Utilisez length(ma_seq) pour afficher la longueur du vecteur
| ma_seq.

Error in file(out, "wt") : cannot open the connection
> length(ma_seq)
[1] 30

| Tu es extraordinaire !

??|============================== ? ? ? ? ? ? ? ? ? ? ? |? 57%
| Imaginons que nous ne connaissions pas la longueur de
| ma_seq, mais que nous voulons générer un vecteur de même
| longueur que le vecteur ma_seq et contenant les N premiers
| entiers. Autrement nous voulons générer un vecteur (1, 2, 3,
| ... N) ou N est la longueur de ma_seq.

...

??|================================ ? ? ? ? ? ? ? ? ? ? |? 61%
| Il y a plusieurs manière de faire pour aboutir à ce
| résultat. La première est de combiner l'opérateur : et la
| fonction length(), comme ceci : 1:length(ma_seq). Essayez.

Error in file(out, "wt") : cannot open the connection
> 1:length(ma_seq)
?[1]? 1? 2? 3? 4? 5? 6? 7? 8? 9 10 11 12 13 14 15 16 17 18 19
[20] 20 21 22 23 24 25 26 27 28 29 30

| Keep working like that and you'll get there!

??|===================================? ? ? ? ? ? ? ? ? |? 65%
| Il est aussi possible d'utiliser une autre option de la
| fonction seq(), along.with, comme ceci : seq(along.with =
| ma_seq). L'argument along.with dit à R que vous voulez un
| vecteur de même longeur que ma_seq. Essayez.

Error in file(out, "wt") : cannot open the connection
> seq(along.with = ma_seq)
?[1]? 1? 2? 3? 4? 5? 6? 7? 8? 9 10 11 12 13 14 15 16 17 18 19
[20] 20 21 22 23 24 25 26 27 28 29 30

| All that practice is paying off!

??|=====================================? ? ? ? ? ? ? ? |? 70%
| Mieux encore, comme pour beaucoup de taches courantes, R
| dispose d'une commande spécifique, la fonction seq_along().
| Tapez seq_along(ma_seq) pour la voir en action.

Error in file(out, "wt") : cannot open the connection
Error in file(out, "wt") : cannot open the connection
> seq_along(ma_seq)
?[1]? 1? 2? 3? 4? 5? 6? 7? 8? 9 10 11 12 13 14 15 16 17 18 19
[20] 20 21 22 23 24 25 26 27 28 29 30

| All that practice is paying off!

??|=======================================? ? ? ? ? ? ? |? 74%
| Il y a souvent plusieurs manières de résoudre le même
| problème dans R. Les approches simples qui requièrent le
| moins de lignes de code sont généralement les meilleures. Il
| est aussi important que votre code soit lisible pour que
| d'autres puissent le lire.

...

??|=========================================? ? ? ? ? ? |? 78%
| Si R dispose d'une fonction spécifique pour la tache que
| vous souhaitez accomplir, c'est généralement votre meilleure
| option. Vous allez apprendre à créer vos propres fonctions
| quand vous ne trouverez pas ce qu'il vous faut dans R. Nous
| allons en explorer l'écriture dans une prochaine le?on.

...

??|============================================ ? ? ? ? |? 83%
| Une dernière fonction qui peut être utile pour créer des
| vecteurs numériques est la fonction rep() (abréviation de
| "replicate" en anglais). Nous allons examiner quelques
| possibilités offertes par cette fonction.

...

??|============================================== ? ? ? |? 87%
| Si nous voulons créer un vecteur contenant 40 zéros, nous
| pouvons le faire à l'aide de la commande rep(0, times = 40).
| Essayez.

> rep(0, times = 40)
?[1] 0 0 0 0 0 0 0 0 0 0 0 0 0 0 0 0 0 0 0 0 0 0 0 0 0 0 0 0 0
[30] 0 0 0 0 0 0 0 0 0 0 0

| Tu assures !

??|================================================ ? ? |? 91%
| Une autre utilisation de la fonction rep() est pour créer un
| vecteur contenant 10 répétition du vecteur (0, 1, 2). Pour
| cela, tapez rep(c(0, 1, 2), times = 10).

Error in file(out, "wt") : cannot open the connection
> rep(c(0, 1, 2), times = 10)
?[1] 0 1 2 0 1 2 0 1 2 0 1 2 0 1 2 0 1 2 0 1 2 0 1 2 0 1 2 0 1
[30] 2

| All that hard work is paying off!

??|===================================================? |? 96%
| Enfin, imaginons que plut?t que de répéter le vecteur (0, 1,
| 2) 10 fois, nous voulons un vecteur qui contiennent 10
| zéros, puis 10 un, puis 10 deux. R nous permet de faire ?a à
| l'aide de l'argument each de la fonction rep(). Essayez
| rep(c(0, 1, 2), each = 10).

Error in file(out, "wt") : cannot open the connection
> rep(c(0, 1, 2), each = 10)
?[1] 0 0 0 0 0 0 0 0 0 0 1 1 1 1 1 1 1 1 1 1 2 2 2 2 2 2 2 2 2
[30] 2

| Keep working like that and you'll get there!

??|=====================================================| 100%
| Souhaitez-vous soumettre votre progression sur Moodle à
| votre enseignant (cela ne fonctionnera que pour les
| étudiants de l'université Paris 8) ? Si vous ne le faites
| pas maintenant, vous pourrez toujours lui envoyer le fichier
| 'Vecteurs_numeriques.txt' qui a été créé plus tard.

1: Non
2: Oui

Selection: 2
Error in file(file, ifelse(append, "a", "w")) :?
??cannot open the connection
In addition: Warning message:
In file(file, ifelse(append, "a", "w")) :
?
?Error in file(file, ifelse(append, "a", "w")) :?
cannot open the connection | Je quitte Swirl. Tape swirl() pour reprendre.

